Running scenario 1000 with capacity 1...
  -> solved | makespan=8.0 | planning=94 ms | expanded=661
Running scenario 1000 with capacity 2...
  -> solved | makespan=4.0 | planning=37 ms | expanded=50
Running scenario 1001 with capacity 1...
  -> solved | makespan=12.0 | planning=138 ms | expanded=1272
Running scenario 1001 with capacity 2...
  -> solved | makespan=6.0 | planning=43 ms | expanded=88
Running scenario 1002 with capacity 1...
  -> solved | makespan=8.0 | planning=103 ms | expanded=661
Running scenario 1002 with capacity 2...
  -> solved | makespan=4.0 | planning=39 ms | expanded=50
Running scenario 1003 with capacity 1...
  -> solved | makespan=12.0 | planning=131 ms | expanded=1272
Running scenario 1003 with capacity 2...
  -> solved | makespan=6.0 | planning=41 ms | expanded=88
Running scenario 1004 with capacity 1...
  -> solved | makespan=8.0 | planning=96 ms | expanded=661
Running scenario 1004 with capacity 2...
  -> solved | makespan=4.0 | planning=37 ms | expanded=50
Running scenario 1005 with capacity 1...
  -> solved | makespan=12.0 | planning=129 ms | expanded=1272
Running scenario 1005 with capacity 2...
  -> solved | makespan=6.0 | planning=48 ms | expanded=88
Running scenario 1006 with capacity 1...
  -> solved | makespan=8.0 | planning=94 ms | expanded=661
Running scenario 1006 with capacity 2...
  -> solved | makespan=4.0 | planning=34 ms | expanded=50
Running scenario 1007 with capacity 1...
  -> solved | makespan=12.0 | planning=145 ms | expanded=1272
Running scenario 1007 with capacity 2...
  -> solved | makespan=6.0 | planning=44 ms | expanded=88
Running scenario 1008 with capacity 1...
  -> solved | makespan=8.0 | planning=107 ms | expanded=661
Running scenario 1008 with capacity 2...
  -> solved | makespan=4.0 | planning=35 ms | expanded=50
Running scenario 1009 with capacity 1...
  -> solved | makespan=12.0 | planning=143 ms | expanded=1272
Running scenario 1009 with capacity 2...
  -> solved | makespan=6.0 | planning=47 ms | expanded=88
Running scenario 1010 with capacity 1...
  -> solved | makespan=8.0 | planning=93 ms | expanded=661
Running scenario 1010 with capacity 2...
  -> solved | makespan=4.0 | planning=34 ms | expanded=50
Running scenario 1011 with capacity 1...
  -> solved | makespan=12.0 | planning=126 ms | expanded=1272
Running scenario 1011 with capacity 2...
  -> solved | makespan=6.0 | planning=49 ms | expanded=88
Running scenario 1012 with capacity 1...
  -> solved | makespan=8.0 | planning=107 ms | expanded=661
Running scenario 1012 with capacity 2...
  -> solved | makespan=4.0 | planning=31 ms | expanded=50
Running scenario 1013 with capacity 1...
  -> solved | makespan=12.0 | planning=127 ms | expanded=1272
Running scenario 1013 with capacity 2...
  -> solved | makespan=6.0 | planning=43 ms | expanded=88
Running scenario 1014 with capacity 1...
  -> solved | makespan=8.0 | planning=98 ms | expanded=661
Running scenario 1014 with capacity 2...
  -> solved | makespan=4.0 | planning=36 ms | expanded=50
Running scenario 1015 with capacity 1...
  -> solved | makespan=12.0 | planning=134 ms | expanded=1272
Running scenario 1015 with capacity 2...
  -> solved | makespan=6.0 | planning=38 ms | expanded=88
Running scenario 1016 with capacity 1...
  -> solved | makespan=8.0 | planning=101 ms | expanded=661
Running scenario 1016 with capacity 2...
  -> solved | makespan=4.0 | planning=39 ms | expanded=50
Running scenario 1017 with capacity 1...
  -> solved | makespan=12.0 | planning=146 ms | expanded=1272
Running scenario 1017 with capacity 2...
  -> solved | makespan=6.0 | planning=45 ms | expanded=88
Running scenario 1018 with capacity 1...
  -> solved | makespan=8.0 | planning=101 ms | expanded=661
Running scenario 1018 with capacity 2...
  -> solved | makespan=4.0 | planning=39 ms | expanded=50
Running scenario 1019 with capacity 1...
  -> solved | makespan=12.0 | planning=145 ms | expanded=1272
Running scenario 1019 with capacity 2...
  -> solved | makespan=6.0 | planning=40 ms | expanded=88
Running scenario 1020 with capacity 1...
  -> solved | makespan=10.0 | planning=118 ms | expanded=951
Running scenario 1020 with capacity 2...
  -> solved | makespan=10.0 | planning=117 ms | expanded=889
Running scenario 1021 with capacity 1...
  -> solved | makespan=10.0 | planning=113 ms | expanded=951
Running scenario 1021 with capacity 2...
  -> solved | makespan=10.0 | planning=107 ms | expanded=889
Running scenario 1022 with capacity 1...
  -> solved | makespan=10.0 | planning=115 ms | expanded=951
Running scenario 1022 with capacity 2...
  -> solved | makespan=10.0 | planning=128 ms | expanded=889
Running scenario 1023 with capacity 1...
  -> solved | makespan=10.0 | planning=139 ms | expanded=951
Running scenario 1023 with capacity 2...
  -> solved | makespan=10.0 | planning=100 ms | expanded=889
Running scenario 1024 with capacity 1...
  -> solved | makespan=10.0 | planning=121 ms | expanded=951
Running scenario 1024 with capacity 2...
  -> solved | makespan=10.0 | planning=108 ms | expanded=889
Running scenario 1025 with capacity 1...
  -> solved | makespan=10.0 | planning=127 ms | expanded=951
Running scenario 1025 with capacity 2...
  -> solved | makespan=10.0 | planning=116 ms | expanded=889
Running scenario 1026 with capacity 1...
  -> solved | makespan=10.0 | planning=127 ms | expanded=951
Running scenario 1026 with capacity 2...
  -> solved | makespan=10.0 | planning=128 ms | expanded=889
Running scenario 1027 with capacity 1...
  -> solved | makespan=10.0 | planning=129 ms | expanded=951
Running scenario 1027 with capacity 2...
  -> solved | makespan=10.0 | planning=121 ms | expanded=889
Running scenario 1028 with capacity 1...
  -> solved | makespan=10.0 | planning=None ms | expanded=951
Running scenario 1028 with capacity 2...
  -> solved | makespan=10.0 | planning=117 ms | expanded=889
Running scenario 1029 with capacity 1...
  -> solved | makespan=10.0 | planning=143 ms | expanded=951
Running scenario 1029 with capacity 2...
  -> solved | makespan=10.0 | planning=125 ms | expanded=889
Running scenario 1030 with capacity 1...
  -> solved | makespan=10.0 | planning=121 ms | expanded=951
Running scenario 1030 with capacity 2...
  -> solved | makespan=10.0 | planning=153 ms | expanded=889
Running scenario 1031 with capacity 1...
  -> solved | makespan=10.0 | planning=149 ms | expanded=951
Running scenario 1031 with capacity 2...
  -> solved | makespan=10.0 | planning=120 ms | expanded=889
Running scenario 1032 with capacity 1...
  -> solved | makespan=10.0 | planning=130 ms | expanded=951
Running scenario 1032 with capacity 2...
  -> solved | makespan=10.0 | planning=136 ms | expanded=889
Running scenario 1033 with capacity 1...
  -> solved | makespan=10.0 | planning=131 ms | expanded=951
Running scenario 1033 with capacity 2...
  -> solved | makespan=10.0 | planning=114 ms | expanded=889
Running scenario 1034 with capacity 1...
  -> solved | makespan=10.0 | planning=138 ms | expanded=951
Running scenario 1034 with capacity 2...
  -> solved | makespan=10.0 | planning=108 ms | expanded=889
Running scenario 1035 with capacity 1...
  -> solved | makespan=10.0 | planning=119 ms | expanded=951
Running scenario 1035 with capacity 2...
  -> solved | makespan=10.0 | planning=148 ms | expanded=889
Running scenario 1036 with capacity 1...
  -> solved | makespan=10.0 | planning=141 ms | expanded=951
Running scenario 1036 with capacity 2...
  -> solved | makespan=10.0 | planning=122 ms | expanded=889
Running scenario 1037 with capacity 1...
  -> solved | makespan=10.0 | planning=131 ms | expanded=951
Running scenario 1037 with capacity 2...
  -> solved | makespan=10.0 | planning=133 ms | expanded=889
Running scenario 1038 with capacity 1...
  -> solved | makespan=10.0 | planning=126 ms | expanded=951
Running scenario 1038 with capacity 2...
  -> solved | makespan=10.0 | planning=142 ms | expanded=889
Running scenario 1039 with capacity 1...
  -> solved | makespan=10.0 | planning=142 ms | expanded=951
Running scenario 1039 with capacity 2...
  -> solved | makespan=10.0 | planning=146 ms | expanded=889
Running scenario 1040 with capacity 1...
  -> solved | makespan=8.0 | planning=85 ms | expanded=372
Running scenario 1040 with capacity 2...
  -> solved | makespan=4.0 | planning=41 ms | expanded=49
Running scenario 1041 with capacity 1...
  -> unsolvable | makespan=None | planning=129 ms | expanded=877
Running scenario 1041 with capacity 2...
  -> solved | makespan=6.0 | planning=47 ms | expanded=88
Running scenario 1042 with capacity 1...
  -> unsolvable | makespan=None | planning=96 ms | expanded=451
Running scenario 1042 with capacity 2...
  -> solved | makespan=4.0 | planning=47 ms | expanded=49
Running scenario 1043 with capacity 1...
  -> unsolvable | makespan=None | planning=90 ms | expanded=278
Running scenario 1043 with capacity 2...
  -> solved | makespan=6.0 | planning=43 ms | expanded=78
Running scenario 1044 with capacity 1...
  -> solved | makespan=8.0 | planning=116 ms | expanded=617
Running scenario 1044 with capacity 2...
  -> solved | makespan=4.0 | planning=42 ms | expanded=50
Running scenario 1045 with capacity 1...
  -> unsolvable | makespan=None | planning=61 ms | expanded=199
Running scenario 1045 with capacity 2...
  -> solved | makespan=6.0 | planning=51 ms | expanded=78
Running scenario 1046 with capacity 1...
  -> solved | makespan=8.0 | planning=97 ms | expanded=595
Running scenario 1046 with capacity 2...
  -> solved | makespan=4.0 | planning=38 ms | expanded=50
Running scenario 1047 with capacity 1...
  -> unsolvable | makespan=None | planning=102 ms | expanded=608
Running scenario 1047 with capacity 2...
  -> solved | makespan=6.0 | planning=47 ms | expanded=88
Running scenario 1048 with capacity 1...
  -> solved | makespan=8.0 | planning=106 ms | expanded=463
Running scenario 1048 with capacity 2...
  -> solved | makespan=4.0 | planning=41 ms | expanded=50
Running scenario 1049 with capacity 1...
  -> unsolvable | makespan=None | planning=82 ms | expanded=321
Running scenario 1049 with capacity 2...
  -> solved | makespan=6.0 | planning=43 ms | expanded=84
Running scenario 1050 with capacity 1...
  -> solved | makespan=8.0 | planning=90 ms | expanded=595
Running scenario 1050 with capacity 2...
  -> solved | makespan=4.0 | planning=38 ms | expanded=50
Running scenario 1051 with capacity 1...
  -> unsolvable | makespan=None | planning=105 ms | expanded=608
Running scenario 1051 with capacity 2...
  -> solved | makespan=6.0 | planning=43 ms | expanded=88
Running scenario 1052 with capacity 1...
  -> solved | makespan=8.0 | planning=104 ms | expanded=563
Running scenario 1052 with capacity 2...
  -> solved | makespan=4.0 | planning=36 ms | expanded=50
Running scenario 1053 with capacity 1...
  -> unsolvable | makespan=None | planning=195 ms | expanded=2219
Running scenario 1053 with capacity 2...
  -> solved | makespan=6.0 | planning=40 ms | expanded=88
Running scenario 1054 with capacity 1...
  -> solved | makespan=8.0 | planning=103 ms | expanded=595
Running scenario 1054 with capacity 2...
  -> solved | makespan=4.0 | planning=38 ms | expanded=50
Running scenario 1055 with capacity 1...
  -> unsolvable | makespan=None | planning=111 ms | expanded=974
Running scenario 1055 with capacity 2...
  -> solved | makespan=6.0 | planning=45 ms | expanded=88
Running scenario 1056 with capacity 1...
  -> solved | makespan=8.0 | planning=96 ms | expanded=466
Running scenario 1056 with capacity 2...
  -> solved | makespan=4.0 | planning=43 ms | expanded=50
Running scenario 1057 with capacity 1...
  -> unsolvable | makespan=None | planning=86 ms | expanded=608
Running scenario 1057 with capacity 2...
  -> solved | makespan=6.0 | planning=43 ms | expanded=88
Running scenario 1058 with capacity 1...
  -> solved | makespan=8.0 | planning=91 ms | expanded=466
Running scenario 1058 with capacity 2...
  -> solved | makespan=4.0 | planning=38 ms | expanded=50
Running scenario 1059 with capacity 1...
  -> unsolvable | makespan=None | planning=106 ms | expanded=720
Running scenario 1059 with capacity 2...
  -> solved | makespan=6.0 | planning=45 ms | expanded=84
Running scenario 1060 with capacity 1...
  -> unsolvable | makespan=None | planning=116 ms | expanded=758
Running scenario 1060 with capacity 2...
  -> unsolvable | makespan=None | planning=115 ms | expanded=784
Running scenario 1061 with capacity 1...
  -> unsolvable | makespan=None | planning=204 ms | expanded=1516
Running scenario 1061 with capacity 2...
  -> unsolvable | makespan=None | planning=177 ms | expanded=1576
Running scenario 1062 with capacity 1...
  -> unsolvable | makespan=None | planning=86 ms | expanded=313
Running scenario 1062 with capacity 2...
  -> unsolvable | makespan=None | planning=85 ms | expanded=313
Running scenario 1063 with capacity 1...
  -> unsolvable | makespan=None | planning=112 ms | expanded=758
Running scenario 1063 with capacity 2...
  -> unsolvable | makespan=None | planning=101 ms | expanded=784
Running scenario 1064 with capacity 1...
  -> solved | makespan=10.0 | planning=118 ms | expanded=818
Running scenario 1064 with capacity 2...
  -> solved | makespan=10.0 | planning=110 ms | expanded=809
Running scenario 1065 with capacity 1...
  -> unsolvable | makespan=None | planning=80 ms | expanded=313
Running scenario 1065 with capacity 2...
  -> unsolvable | makespan=None | planning=75 ms | expanded=313
Running scenario 1066 with capacity 1...
  -> solved | makespan=10.0 | planning=101 ms | expanded=730
Running scenario 1066 with capacity 2...
  -> solved | makespan=10.0 | planning=111 ms | expanded=747
Running scenario 1067 with capacity 1...
  -> unsolvable | makespan=None | planning=110 ms | expanded=1025
Running scenario 1067 with capacity 2...
  -> unsolvable | makespan=None | planning=139 ms | expanded=1058
Running scenario 1068 with capacity 1...
  -> unsolvable | makespan=None | planning=127 ms | expanded=944
Running scenario 1068 with capacity 2...
  -> unsolvable | makespan=None | planning=108 ms | expanded=973
Running scenario 1069 with capacity 1...
  -> unsolvable | makespan=None | planning=85 ms | expanded=545
Running scenario 1069 with capacity 2...
  -> unsolvable | makespan=None | planning=102 ms | expanded=551
Running scenario 1070 with capacity 1...
  -> solved | makespan=10.0 | planning=105 ms | expanded=721
Running scenario 1070 with capacity 2...
  -> solved | makespan=10.0 | planning=111 ms | expanded=742
Running scenario 1071 with capacity 1...
  -> unsolvable | makespan=None | planning=132 ms | expanded=1189
Running scenario 1071 with capacity 2...
  -> unsolvable | makespan=None | planning=135 ms | expanded=1229
Running scenario 1072 with capacity 1...
  -> solved | makespan=10.0 | planning=105 ms | expanded=649
Running scenario 1072 with capacity 2...
  -> solved | makespan=10.0 | planning=112 ms | expanded=663
Running scenario 1073 with capacity 1...
  -> solved | makespan=10.0 | planning=127 ms | expanded=882
Running scenario 1073 with capacity 2...
  -> solved | makespan=10.0 | planning=119 ms | expanded=859
Running scenario 1074 with capacity 1...
  -> solved | makespan=10.0 | planning=116 ms | expanded=759
Running scenario 1074 with capacity 2...
  -> solved | makespan=10.0 | planning=116 ms | expanded=779
Running scenario 1075 with capacity 1...
  -> solved | makespan=10.0 | planning=115 ms | expanded=617
Running scenario 1075 with capacity 2...
  -> solved | makespan=10.0 | planning=92 ms | expanded=632
Running scenario 1076 with capacity 1...
  -> solved | makespan=10.0 | planning=114 ms | expanded=475
Running scenario 1076 with capacity 2...
  -> solved | makespan=10.0 | planning=104 ms | expanded=482
Running scenario 1077 with capacity 1...
  -> unsolvable | makespan=None | planning=138 ms | expanded=1189
Running scenario 1077 with capacity 2...
  -> unsolvable | makespan=None | planning=152 ms | expanded=1229
Running scenario 1078 with capacity 1...
  -> solved | makespan=10.0 | planning=105 ms | expanded=529
Running scenario 1078 with capacity 2...
  -> solved | makespan=10.0 | planning=109 ms | expanded=537
Running scenario 1079 with capacity 1...
  -> solved | makespan=10.0 | planning=92 ms | expanded=529
Running scenario 1079 with capacity 2...
  -> solved | makespan=10.0 | planning=115 ms | expanded=537
Running scenario 1080 with capacity 1...
  -> solved | makespan=12.0 | planning=859 ms | expanded=19527
Running scenario 1080 with capacity 2...
  -> solved | makespan=8.0 | planning=373 ms | expanded=4125
Running scenario 1081 with capacity 1...
  -> solved | makespan=18.0 | planning=1550 ms | expanded=42860
Running scenario 1081 with capacity 2...
  -> solved | makespan=12.0 | planning=569 ms | expanded=9224
Running scenario 1082 with capacity 1...
  -> solved | makespan=12.0 | planning=1023 ms | expanded=19527
Running scenario 1082 with capacity 2...
  -> solved | makespan=8.0 | planning=380 ms | expanded=4125
Running scenario 1083 with capacity 1...
  -> solved | makespan=18.0 | planning=1573 ms | expanded=43066
Running scenario 1083 with capacity 2...
  -> solved | makespan=12.0 | planning=542 ms | expanded=9224
Running scenario 1084 with capacity 1...
  -> solved | makespan=12.0 | planning=849 ms | expanded=19527
Running scenario 1084 with capacity 2...
  -> solved | makespan=8.0 | planning=372 ms | expanded=4125
Running scenario 1085 with capacity 1...
  -> solved | makespan=18.0 | planning=1527 ms | expanded=42987
Running scenario 1085 with capacity 2...
  -> solved | makespan=12.0 | planning=554 ms | expanded=9224
Running scenario 1086 with capacity 1...
  -> solved | makespan=12.0 | planning=833 ms | expanded=19527
Running scenario 1086 with capacity 2...
  -> solved | makespan=8.0 | planning=465 ms | expanded=4125
Running scenario 1087 with capacity 1...
  -> solved | makespan=18.0 | planning=1464 ms | expanded=42951
Running scenario 1087 with capacity 2...
  -> solved | makespan=12.0 | planning=563 ms | expanded=9224
Running scenario 1088 with capacity 1...
  -> solved | makespan=12.0 | planning=834 ms | expanded=19527
Running scenario 1088 with capacity 2...
  -> solved | makespan=8.0 | planning=362 ms | expanded=4125
Running scenario 1089 with capacity 1...
  -> solved | makespan=18.0 | planning=1505 ms | expanded=43088
Running scenario 1089 with capacity 2...
  -> solved | makespan=12.0 | planning=544 ms | expanded=9224
Running scenario 1090 with capacity 1...
  -> solved | makespan=12.0 | planning=823 ms | expanded=19527
Running scenario 1090 with capacity 2...
  -> solved | makespan=8.0 | planning=371 ms | expanded=4125
Running scenario 1091 with capacity 1...
  -> solved | makespan=18.0 | planning=1645 ms | expanded=43088
Running scenario 1091 with capacity 2...
  -> solved | makespan=12.0 | planning=552 ms | expanded=9224
Running scenario 1092 with capacity 1...
  -> solved | makespan=12.0 | planning=807 ms | expanded=19527
Running scenario 1092 with capacity 2...
  -> solved | makespan=8.0 | planning=418 ms | expanded=4125
Running scenario 1093 with capacity 1...
  -> solved | makespan=18.0 | planning=1612 ms | expanded=43066
Running scenario 1093 with capacity 2...
  -> solved | makespan=12.0 | planning=542 ms | expanded=9224
Running scenario 1094 with capacity 1...
  -> solved | makespan=12.0 | planning=859 ms | expanded=19527
Running scenario 1094 with capacity 2...
  -> solved | makespan=8.0 | planning=382 ms | expanded=4125
Running scenario 1095 with capacity 1...
  -> solved | makespan=18.0 | planning=1519 ms | expanded=42987
Running scenario 1095 with capacity 2...
  -> solved | makespan=12.0 | planning=547 ms | expanded=9224
Running scenario 1096 with capacity 1...
  -> solved | makespan=12.0 | planning=912 ms | expanded=19527
Running scenario 1096 with capacity 2...
  -> solved | makespan=8.0 | planning=430 ms | expanded=4125
Running scenario 1097 with capacity 1...
  -> solved | makespan=18.0 | planning=1608 ms | expanded=43124
Running scenario 1097 with capacity 2...
  -> solved | makespan=12.0 | planning=523 ms | expanded=9224
Running scenario 1098 with capacity 1...
  -> solved | makespan=12.0 | planning=835 ms | expanded=19527
Running scenario 1098 with capacity 2...
  -> solved | makespan=8.0 | planning=379 ms | expanded=4125
Running scenario 1099 with capacity 1...
  -> solved | makespan=18.0 | planning=1610 ms | expanded=43112
Running scenario 1099 with capacity 2...
  -> solved | makespan=12.0 | planning=624 ms | expanded=9224
Running scenario 1100 with capacity 1...
  -> solved | makespan=14.0 | planning=1089 ms | expanded=23727
Running scenario 1100 with capacity 2...
  -> solved | makespan=10.0 | planning=413 ms | expanded=4092
Running scenario 1101 with capacity 1...
  -> solved | makespan=16.0 | planning=1337 ms | expanded=33845
Running scenario 1101 with capacity 2...
  -> solved | makespan=10.0 | planning=276 ms | expanded=2690
Running scenario 1102 with capacity 1...
  -> solved | makespan=14.0 | planning=1167 ms | expanded=23735
Running scenario 1102 with capacity 2...
  -> solved | makespan=10.0 | planning=393 ms | expanded=4092
Running scenario 1103 with capacity 1...
  -> solved | makespan=16.0 | planning=1368 ms | expanded=33843
Running scenario 1103 with capacity 2...
  -> solved | makespan=10.0 | planning=296 ms | expanded=2690
Running scenario 1104 with capacity 1...
  -> solved | makespan=14.0 | planning=1161 ms | expanded=23719
Running scenario 1104 with capacity 2...
  -> solved | makespan=10.0 | planning=394 ms | expanded=4092
Running scenario 1105 with capacity 1...
  -> solved | makespan=16.0 | planning=1364 ms | expanded=33861
Running scenario 1105 with capacity 2...
  -> solved | makespan=10.0 | planning=319 ms | expanded=2689
Running scenario 1106 with capacity 1...
  -> solved | makespan=14.0 | planning=1162 ms | expanded=23718
Running scenario 1106 with capacity 2...
  -> solved | makespan=10.0 | planning=399 ms | expanded=4092
Running scenario 1107 with capacity 1...
  -> solved | makespan=16.0 | planning=1623 ms | expanded=32235
Running scenario 1107 with capacity 2...
  -> solved | makespan=10.0 | planning=302 ms | expanded=2690
Running scenario 1108 with capacity 1...
  -> solved | makespan=14.0 | planning=1045 ms | expanded=23735
Running scenario 1108 with capacity 2...
  -> solved | makespan=10.0 | planning=510 ms | expanded=4092
Running scenario 1109 with capacity 1...
  -> solved | makespan=16.0 | planning=1361 ms | expanded=33850
Running scenario 1109 with capacity 2...
  -> solved | makespan=10.0 | planning=290 ms | expanded=2689
Running scenario 1110 with capacity 1...
  -> solved | makespan=14.0 | planning=1070 ms | expanded=23735
Running scenario 1110 with capacity 2...
  -> solved | makespan=10.0 | planning=415 ms | expanded=4092
Running scenario 1111 with capacity 1...
  -> solved | makespan=16.0 | planning=1350 ms | expanded=33846
Running scenario 1111 with capacity 2...
  -> solved | makespan=10.0 | planning=320 ms | expanded=2690
Running scenario 1112 with capacity 1...
  -> solved | makespan=14.0 | planning=1052 ms | expanded=23735
Running scenario 1112 with capacity 2...
  -> solved | makespan=10.0 | planning=399 ms | expanded=4092
Running scenario 1113 with capacity 1...
  -> solved | makespan=16.0 | planning=1553 ms | expanded=33832
Running scenario 1113 with capacity 2...
  -> solved | makespan=10.0 | planning=380 ms | expanded=2690
Running scenario 1114 with capacity 1...
  -> solved | makespan=14.0 | planning=1098 ms | expanded=23735
Running scenario 1114 with capacity 2...
  -> solved | makespan=10.0 | planning=462 ms | expanded=4092
Running scenario 1115 with capacity 1...
  -> solved | makespan=16.0 | planning=1417 ms | expanded=33857
Running scenario 1115 with capacity 2...
  -> solved | makespan=10.0 | planning=337 ms | expanded=2690
Running scenario 1116 with capacity 1...
  -> solved | makespan=14.0 | planning=1264 ms | expanded=23719
Running scenario 1116 with capacity 2...
  -> solved | makespan=10.0 | planning=414 ms | expanded=4092
Running scenario 1117 with capacity 1...
  -> solved | makespan=16.0 | planning=1395 ms | expanded=33856
Running scenario 1117 with capacity 2...
  -> solved | makespan=10.0 | planning=None ms | expanded=2690
Running scenario 1118 with capacity 1...
  -> solved | makespan=14.0 | planning=1143 ms | expanded=23727
Running scenario 1118 with capacity 2...
  -> solved | makespan=10.0 | planning=470 ms | expanded=4092
Running scenario 1119 with capacity 1...
  -> solved | makespan=16.0 | planning=1462 ms | expanded=33854
Running scenario 1119 with capacity 2...
  -> solved | makespan=10.0 | planning=416 ms | expanded=2689
Running scenario 1120 with capacity 1...
  -> solved | makespan=12.0 | planning=794 ms | expanded=8368
Running scenario 1120 with capacity 2...
  -> solved | makespan=8.0 | planning=732 ms | expanded=3985
Running scenario 1121 with capacity 1...
  -> unsolvable | makespan=None | planning=997 ms | expanded=3859
Running scenario 1121 with capacity 2...
  -> solved | makespan=12.0 | planning=856 ms | expanded=6563
Running scenario 1122 with capacity 1...
  -> solved | makespan=12.0 | planning=793 ms | expanded=11082
Running scenario 1122 with capacity 2...
  -> solved | makespan=8.0 | planning=439 ms | expanded=4060
Running scenario 1123 with capacity 1...
  -> unsolvable | makespan=None | planning=410 ms | expanded=4901
Running scenario 1123 with capacity 2...
  -> solved | makespan=12.0 | planning=561 ms | expanded=7593
Running scenario 1124 with capacity 1...
  -> solved | makespan=12.0 | planning=805 ms | expanded=13300
Running scenario 1124 with capacity 2...
  -> solved | makespan=8.0 | planning=473 ms | expanded=4089
Running scenario 1125 with capacity 1...
  -> unsolvable | makespan=None | planning=488 ms | expanded=2428
Running scenario 1125 with capacity 2...
  -> solved | makespan=12.0 | planning=939 ms | expanded=6533
Running scenario 1126 with capacity 1...
  -> solved | makespan=12.0 | planning=1405 ms | expanded=9735
Running scenario 1126 with capacity 2...
  -> solved | makespan=8.0 | planning=707 ms | expanded=3985
Running scenario 1127 with capacity 1...
  -> unsolvable | makespan=None | planning=513 ms | expanded=4901
Running scenario 1127 with capacity 2...
  -> solved | makespan=12.0 | planning=734 ms | expanded=7593
Running scenario 1128 with capacity 1...
  -> solved | makespan=12.0 | planning=961 ms | expanded=13300
Running scenario 1128 with capacity 2...
  -> solved | makespan=8.0 | planning=470 ms | expanded=4089
Running scenario 1129 with capacity 1...
  -> unsolvable | makespan=None | planning=361 ms | expanded=3750
Running scenario 1129 with capacity 2...
  -> solved | makespan=12.0 | planning=578 ms | expanded=6564
Running scenario 1130 with capacity 1...
  -> solved | makespan=12.0 | planning=831 ms | expanded=11082
Running scenario 1130 with capacity 2...
  -> solved | makespan=8.0 | planning=436 ms | expanded=4060
Running scenario 1131 with capacity 1...
  -> unsolvable | makespan=None | planning=None ms | expanded=2954
Running scenario 1131 with capacity 2...
  -> solved | makespan=12.0 | planning=564 ms | expanded=6433
Running scenario 1132 with capacity 1...
  -> solved | makespan=12.0 | planning=674 ms | expanded=11083
Running scenario 1132 with capacity 2...
  -> solved | makespan=8.0 | planning=439 ms | expanded=4060
Running scenario 1133 with capacity 1...
  -> unsolvable | makespan=None | planning=410 ms | expanded=3859
Running scenario 1133 with capacity 2...
  -> solved | makespan=12.0 | planning=547 ms | expanded=6563
Running scenario 1134 with capacity 1...
  -> solved | makespan=12.0 | planning=672 ms | expanded=11082
Running scenario 1134 with capacity 2...
  -> solved | makespan=8.0 | planning=457 ms | expanded=4060
Running scenario 1135 with capacity 1...
  -> unsolvable | makespan=None | planning=289 ms | expanded=2954
Running scenario 1135 with capacity 2...
  -> solved | makespan=12.0 | planning=677 ms | expanded=6433
Running scenario 1136 with capacity 1...
  -> solved | makespan=12.0 | planning=764 ms | expanded=11541
Running scenario 1136 with capacity 2...
  -> solved | makespan=8.0 | planning=439 ms | expanded=4060
Running scenario 1137 with capacity 1...
  -> unsolvable | makespan=None | planning=345 ms | expanded=4901
Running scenario 1137 with capacity 2...
  -> solved | makespan=12.0 | planning=634 ms | expanded=7593
Running scenario 1138 with capacity 1...
  -> solved | makespan=12.0 | planning=702 ms | expanded=9709
Running scenario 1138 with capacity 2...
  -> solved | makespan=8.0 | planning=491 ms | expanded=3985
Running scenario 1139 with capacity 1...
  -> unsolvable | makespan=None | planning=855 ms | expanded=19591
Running scenario 1139 with capacity 2...
  -> solved | makespan=12.0 | planning=696 ms | expanded=9077
Running scenario 1140 with capacity 1...
  -> unsolvable | makespan=None | planning=539 ms | expanded=7899
Running scenario 1140 with capacity 2...
  -> solved | makespan=10.0 | planning=507 ms | expanded=3569
Running scenario 1141 with capacity 1...
  -> unsolvable | makespan=None | planning=553 ms | expanded=8100
Running scenario 1141 with capacity 2...
  -> solved | makespan=10.0 | planning=282 ms | expanded=2258
Running scenario 1142 with capacity 1...
  -> solved | makespan=14.0 | planning=647 ms | expanded=10652
Running scenario 1142 with capacity 2...
  -> solved | makespan=10.0 | planning=420 ms | expanded=3857
Running scenario 1143 with capacity 1...
  -> unsolvable | makespan=None | planning=780 ms | expanded=13864
Running scenario 1143 with capacity 2...
  -> solved | makespan=10.0 | planning=272 ms | expanded=2473
Running scenario 1144 with capacity 1...
  -> solved | makespan=14.0 | planning=802 ms | expanded=14191
Running scenario 1144 with capacity 2...
  -> solved | makespan=10.0 | planning=411 ms | expanded=3992
Running scenario 1145 with capacity 1...
  -> unsolvable | makespan=None | planning=360 ms | expanded=4170
Running scenario 1145 with capacity 2...
  -> solved | makespan=10.0 | planning=299 ms | expanded=2238
Running scenario 1146 with capacity 1...
  -> solved | makespan=14.0 | planning=518 ms | expanded=7734
Running scenario 1146 with capacity 2...
  -> solved | makespan=10.0 | planning=382 ms | expanded=3594
Running scenario 1147 with capacity 1...
  -> unsolvable | makespan=None | planning=557 ms | expanded=9713
Running scenario 1147 with capacity 2...
  -> solved | makespan=10.0 | planning=314 ms | expanded=2462
Running scenario 1148 with capacity 1...
  -> solved | makespan=14.0 | planning=1066 ms | expanded=14337
Running scenario 1148 with capacity 2...
  -> solved | makespan=10.0 | planning=510 ms | expanded=3992
Running scenario 1149 with capacity 1...
  -> unsolvable | makespan=None | planning=609 ms | expanded=9678
Running scenario 1149 with capacity 2...
  -> solved | makespan=10.0 | planning=319 ms | expanded=2258
Running scenario 1150 with capacity 1...
  -> solved | makespan=14.0 | planning=683 ms | expanded=10190
Running scenario 1150 with capacity 2...
  -> solved | makespan=10.0 | planning=379 ms | expanded=3857
Running scenario 1151 with capacity 1...
  -> unsolvable | makespan=None | planning=403 ms | expanded=5696
Running scenario 1151 with capacity 2...
  -> solved | makespan=10.0 | planning=419 ms | expanded=2253
Running scenario 1152 with capacity 1...
  -> unsolvable | makespan=None | planning=807 ms | expanded=17191
Running scenario 1152 with capacity 2...
  -> solved | makespan=10.0 | planning=464 ms | expanded=3857
Running scenario 1153 with capacity 1...
  -> unsolvable | makespan=None | planning=618 ms | expanded=8100
Running scenario 1153 with capacity 2...
  -> solved | makespan=10.0 | planning=352 ms | expanded=2258
Running scenario 1154 with capacity 1...
  -> solved | makespan=14.0 | planning=825 ms | expanded=10538
Running scenario 1154 with capacity 2...
  -> solved | makespan=10.0 | planning=537 ms | expanded=3857
Running scenario 1155 with capacity 1...
  -> unsolvable | makespan=None | planning=507 ms | expanded=5696
Running scenario 1155 with capacity 2...
  -> solved | makespan=10.0 | planning=349 ms | expanded=2253
Running scenario 1156 with capacity 1...
  -> solved | makespan=14.0 | planning=652 ms | expanded=10411
Running scenario 1156 with capacity 2...
  -> solved | makespan=10.0 | planning=473 ms | expanded=3862
Running scenario 1157 with capacity 1...
  -> unsolvable | makespan=None | planning=772 ms | expanded=9713
Running scenario 1157 with capacity 2...
  -> solved | makespan=10.0 | planning=423 ms | expanded=2461
Running scenario 1158 with capacity 1...
  -> unsolvable | makespan=None | planning=998 ms | expanded=20039
Running scenario 1158 with capacity 2...
  -> solved | makespan=10.0 | planning=521 ms | expanded=3659
Running scenario 1159 with capacity 1...
  -> unsolvable | makespan=None | planning=1608 ms | expanded=42512
Running scenario 1159 with capacity 2...
  -> solved | makespan=10.0 | planning=379 ms | expanded=2679

Finished 320 experiments.
Results saved to: data/processed/results.csv
